---
source: crates/koruma-derive-core/src/tests/parse_field_tests.rs
expression: parse_field_snapshot(&field)
---
Some(
    SnapshotFieldInfo {
        name: "_0",
        member: "0",
        ty: "String",
        validation: SnapshotValidationInfo {
            shape: "regular",
            field_validators: [
                SnapshotValidator {
                    label: None,
                    name: "NonEmptyStringValidation",
                    infer_type: false,
                    explicit_type: None,
                    builder_methods: [],
                },
            ],
            element_validators: [],
        },
    },
)
