---
source: crates/koruma-derive-core/src/tests/parse_field_tests.rs
assertion_line: 219
expression: parse_field_snapshot(&field)
---
Some(
    SnapshotFieldInfo {
        name: "score",
        member: "score",
        ty: "f64",
        validation: SnapshotValidationInfo {
            field_validators: [
                SnapshotValidator {
                    name: "GenericRange",
                    infer_type: true,
                    explicit_type: None,
                    args: [
                        (
                            "min",
                            "0.0",
                        ),
                        (
                            "max",
                            "1.0",
                        ),
                    ],
                },
            ],
            element_validators: [],
            is_nested: false,
            is_newtype: false,
        },
    },
)
