---
source: crates/koruma-derive-core/src/tests/parse_field_tests.rs
assertion_line: 285
expression: parse_field_snapshot(&field)
---
Some(
    SnapshotFieldInfo {
        name: "age",
        member: "age",
        ty: "i32",
        validation: SnapshotValidationInfo {
            field_validators: [
                SnapshotValidator {
                    name: "RangeValidation",
                    infer_type: false,
                    explicit_type: None,
                    args: [
                        (
                            "min",
                            "0",
                        ),
                        (
                            "max",
                            "100",
                        ),
                    ],
                },
            ],
            element_validators: [],
            is_nested: false,
            is_newtype: false,
        },
    },
)
