---
source: crates/koruma-derive-core/src/tests/parse_field_tests.rs
expression: parse_field_snapshot(&field)
---
Some(
    SnapshotFieldInfo {
        name: "value",
        member: "value",
        ty: "i32",
        validation: SnapshotValidationInfo {
            shape: "regular",
            field_validators: [
                SnapshotValidator {
                    label: Some(
                        "lower_bound",
                    ),
                    name: "RangeValidation",
                    infer_type: false,
                    explicit_type: None,
                    builder_methods: [
                        (
                            "min",
                            [
                                "0",
                            ],
                        ),
                    ],
                },
                SnapshotValidator {
                    label: Some(
                        "even_check",
                    ),
                    name: "EvenValidation",
                    infer_type: false,
                    explicit_type: None,
                    builder_methods: [],
                },
            ],
            element_validators: [],
        },
    },
)
