---
source: crates/koruma-derive-core/src/tests/parse_field_tests.rs
assertion_line: 300
expression: parse_field_snapshot(&field)
---
Some(
    SnapshotFieldInfo {
        name: "index",
        member: "index",
        ty: "CommonVariableIndex",
        validation: SnapshotValidationInfo {
            field_validators: [],
            element_validators: [],
            is_nested: false,
            is_newtype: true,
        },
    },
)
