---
source: crates/koruma-derive-core/src/tests/parse_field_tests.rs
assertion_line: 441
expression: parse_field_snapshot(&field)
---
Some(
    SnapshotFieldInfo {
        name: "_0",
        member: "0",
        ty: "String",
        validation: SnapshotValidationInfo {
            field_validators: [
                SnapshotValidator {
                    name: "NonEmptyStringValidation",
                    infer_type: false,
                    explicit_type: None,
                    args: [],
                },
            ],
            element_validators: [],
            is_nested: false,
            is_newtype: false,
        },
    },
)
