---
source: crates/koruma-derive-core/src/tests/parse_field_tests.rs
expression: parse_field_snapshot(&field)
---
Some(
    SnapshotFieldInfo {
        name: "inner",
        member: "inner",
        ty: "InnerStruct",
        validation: SnapshotValidationInfo {
            shape: "nested",
            field_validators: [],
            element_validators: [],
        },
    },
)
