---
source: crates/koruma-derive/src/tests/snapshot_tests.rs
expression: rendered
---
#[doc = concat!(
    "Validators for the `", "_0", "` field of [`", "Wrapper", "`]: [`", "GenericRange",
    "`]."
)]
#[derive(Clone, Debug)]
#[allow(dead_code)]
pub enum Wrapper0KorumaValidator {
    GenericRange(GenericRange<T>),
}
#[doc = concat!(
    "Validation errors for the `", "_0", "` field of [`", "Wrapper",
    "`].\n\nValidators: [`", "GenericRange", "`]."
)]
#[derive(Clone, Debug, Default)]
pub struct Wrapper0KorumaValidationError {
    generic_range: Option<GenericRange<T>>,
}
impl Wrapper0KorumaValidationError {
    #[doc = concat!("Returns the failed [`", "GenericRange", "`] validator, if any.")]
    pub fn generic_range(&self) -> Option<&GenericRange<T>> {
        self.generic_range.as_ref()
    }
    #[doc = concat!("Returns all failed validators for `", "_0", "`.")]
    pub fn all(&self) -> Vec<Wrapper0KorumaValidator> {
        let mut result = Vec::new();
        if let Some(v) = &self.generic_range {
            result.push(Wrapper0KorumaValidator::GenericRange(v.clone()));
        }
        result
    }
    pub fn is_empty(&self) -> bool {
        self.generic_range.is_none()
    }
    pub fn has_errors(&self) -> bool {
        !self.is_empty()
    }
}
#[doc = concat!(
    "Validation errors for [`", "Wrapper",
    "`].\n\nContains per-field error structs for ", "field: `_0`", "."
)]
#[derive(Clone, Debug, Default)]
pub struct WrapperKorumaValidationError {
    _0: Wrapper0KorumaValidationError,
}
impl WrapperKorumaValidationError {
    #[doc = concat!(
        "Returns validation errors for the `", "_0", "` field of [`", "Wrapper", "`]."
    )]
    pub fn _0(&self) -> &Wrapper0KorumaValidationError {
        &self._0
    }
}
impl core::ops::Deref for WrapperKorumaValidationError {
    type Target = Wrapper0KorumaValidationError;
    fn deref(&self) -> &Self::Target {
        &self._0
    }
}
impl koruma::ValidationError for WrapperKorumaValidationError {
    fn is_empty(&self) -> bool {
        self._0.is_empty()
    }
}
impl Wrapper {
    #[doc = concat!(
        "Validates all fields of `", "Wrapper",
        "` and returns an error struct containing all validation failures."
    )]
    pub fn validate(&self) -> Result<(), WrapperKorumaValidationError> {
        let mut error = WrapperKorumaValidationError {
            _0: Wrapper0KorumaValidationError {
                generic_range: None,
            },
        };
        let mut has_error = false;
        let __field_value = &self.0;
        fn __koruma_assert_validate__0_generic_range_field<V: koruma::Validate<T>, T>(
            v: &V,
            t: &T,
        ) -> bool {
            v.validate(t)
        }
        let validator = GenericRange::<T>::builder()
            .min(0)
            .max(100)
            .with_value(__field_value.clone())
            .build();
        if !__koruma_assert_validate__0_generic_range_field(&validator, __field_value) {
            error._0.generic_range = Some(validator);
            has_error = true;
        }
        if has_error { Err(error) } else { Ok(()) }
    }
}
impl koruma::ValidateExt for Wrapper {
    type Error = WrapperKorumaValidationError;
    fn validate(&self) -> Result<(), WrapperKorumaValidationError> {
        Wrapper::validate(self)
    }
}
impl koruma::NewtypeValidation for Wrapper {}
impl<T> TryFrom<T> for Wrapper<T> {
    type Error = WrapperKorumaValidationError;
    fn try_from(value: T) -> Result<Self, Self::Error> {
        let instance = Self(value);
        instance.validate()?;
        Ok(instance)
    }
}
