---
source: crates/koruma-derive/src/tests/snapshot_tests.rs
expression: rendered
---
#[doc = concat!(
    "Validators for the `", "_0", "` field of [`", "WhereWrapper", "`]: [`",
    "GenericRange", "`]."
)]
#[derive(Clone, Debug)]
#[allow(dead_code)]
pub enum WhereWrapper0KorumaValidator {
    GenericRange(GenericRange<T>),
}
#[doc = concat!(
    "Validation errors for the `", "_0", "` field of [`", "WhereWrapper",
    "`].\n\nValidators: [`", "GenericRange", "`]."
)]
#[derive(Clone, Debug, Default)]
pub struct WhereWrapper0KorumaValidationError {
    generic_range: Option<GenericRange<T>>,
}
impl WhereWrapper0KorumaValidationError {
    #[doc = concat!("Returns the failed [`", "GenericRange", "`] validator, if any.")]
    pub fn generic_range(&self) -> Option<&GenericRange<T>> {
        self.generic_range.as_ref()
    }
    #[doc = concat!("Returns all failed validators for `", "_0", "`.")]
    pub fn all(&self) -> Vec<WhereWrapper0KorumaValidator> {
        let mut result = Vec::new();
        if let Some(v) = &self.generic_range {
            result.push(WhereWrapper0KorumaValidator::GenericRange(v.clone()));
        }
        result
    }
    pub fn is_empty(&self) -> bool {
        self.generic_range.is_none()
    }
    pub fn has_errors(&self) -> bool {
        !self.is_empty()
    }
}
#[doc = concat!(
    "Validation errors for [`", "WhereWrapper",
    "`].\n\nContains per-field error structs for ", "field: `_0`", "."
)]
#[derive(Clone, Debug, Default)]
pub struct WhereWrapperKorumaValidationError {
    _0: WhereWrapper0KorumaValidationError,
}
impl WhereWrapperKorumaValidationError {
    #[doc = concat!(
        "Returns validation errors for the `", "_0", "` field of [`", "WhereWrapper",
        "`]."
    )]
    pub fn _0(&self) -> &WhereWrapper0KorumaValidationError {
        &self._0
    }
}
impl core::ops::Deref for WhereWrapperKorumaValidationError {
    type Target = WhereWrapper0KorumaValidationError;
    fn deref(&self) -> &Self::Target {
        &self._0
    }
}
impl koruma::ValidationError for WhereWrapperKorumaValidationError {
    fn is_empty(&self) -> bool {
        self._0.is_empty()
    }
}
impl<T> WhereWrapper<T>
where
    T: Default,
{
    #[doc = concat!(
        "Validates all fields of `", "WhereWrapper",
        "` and returns an error struct containing all validation failures."
    )]
    pub fn validate(&self) -> Result<(), WhereWrapperKorumaValidationError> {
        let mut error = WhereWrapperKorumaValidationError {
            _0: WhereWrapper0KorumaValidationError {
                generic_range: None,
            },
        };
        let mut has_error = false;
        let __field_value = &self.0;
        fn __koruma_assert_validate__0_generic_range_field<V: koruma::Validate<T>, T>(
            v: &V,
            t: &T,
        ) -> bool {
            v.validate(t)
        }
        let validator = GenericRange::<T>::builder()
            .min(0)
            .max(100)
            .with_value(__field_value.clone())
            .build();
        if !__koruma_assert_validate__0_generic_range_field(&validator, __field_value) {
            error._0.generic_range = Some(validator);
            has_error = true;
        }
        if has_error { Err(error) } else { Ok(()) }
    }
}
impl<T> koruma::ValidateExt for WhereWrapper<T>
where
    T: Default,
{
    type Error = WhereWrapperKorumaValidationError;
    fn validate(&self) -> Result<(), WhereWrapperKorumaValidationError> {
        Self::validate(self)
    }
}
impl<T> koruma::NewtypeValidation for WhereWrapper<T>
where
    T: Default,
{}
impl<T> TryFrom<T> for WhereWrapper<T>
where
    T: Default,
{
    type Error = WhereWrapperKorumaValidationError;
    fn try_from(value: T) -> Result<Self, Self::Error> {
        let instance = Self(value);
        instance.validate()?;
        Ok(instance)
    }
}
