---
source: crates/koruma-derive/src/tests/snapshot_tests.rs
expression: pretty_print(expanded)
---
#[doc = concat!(
    "Element validators for the `", "values", "` field of [`", "Scores", "`]: [`",
    "RangeValidation", "`]."
)]
#[derive(Clone, Copy, Debug)]
#[allow(dead_code)]
pub enum ScoresValuesElementKorumaValidatorRef<'koruma> {
    RangeValidation(&'koruma RangeValidation<i32>),
}
#[doc = concat!(
    "Per-element validation errors for the `", "values", "` field of [`", "Scores", "`]."
)]
#[derive(Debug, Default)]
pub struct ScoresValuesElementKorumaValidationError {
    range_validation: Option<RangeValidation<i32>>,
}
impl ScoresValuesElementKorumaValidationError {
    #[doc = concat!("Returns the failed [`", "RangeValidation", "`] validator, if any.")]
    pub fn range_validation(&self) -> Option<&RangeValidation<i32>> {
        self.range_validation.as_ref()
    }
    #[doc = concat!("Returns all failed element validators for `", "values", "`.")]
    pub fn all(
        &self,
    ) -> impl Iterator<Item = ScoresValuesElementKorumaValidatorRef<'_>> + '_ {
        [
            self
                .range_validation
                .as_ref()
                .map(ScoresValuesElementKorumaValidatorRef::RangeValidation),
        ]
            .into_iter()
            .flatten()
    }
    pub fn is_empty(&self) -> bool {
        self.range_validation.is_none()
    }
    pub fn has_errors(&self) -> bool {
        !self.is_empty()
    }
}
#[doc = concat!(
    "Validation errors for the `", "values", "` field of [`", "Scores",
    "`] (element validators only)."
)]
#[derive(Debug, Default)]
pub struct ScoresValuesKorumaValidationError {
    element_errors: Vec<(usize, ScoresValuesElementKorumaValidationError)>,
}
impl ScoresValuesKorumaValidationError {
    #[doc = concat!(
        "Returns all element validation errors for `", "values", "` of [`", "Scores",
        "`] with their indices."
    )]
    pub fn element_errors(
        &self,
    ) -> &[(usize, ScoresValuesElementKorumaValidationError)] {
        &self.element_errors
    }
    pub fn is_empty(&self) -> bool {
        self.element_errors.is_empty()
    }
    pub fn has_errors(&self) -> bool {
        !self.is_empty()
    }
}
#[doc = concat!(
    "Validation errors for [`", "Scores", "`].\n\nContains per-field error structs for ",
    "field: `values`", "."
)]
#[derive(Debug, Default)]
pub struct ScoresKorumaValidationError {
    values: ScoresValuesKorumaValidationError,
}
impl ScoresKorumaValidationError {
    #[doc = concat!(
        "Returns validation errors for the `", "values", "` field of [`", "Scores", "`]."
    )]
    pub fn values(&self) -> &ScoresValuesKorumaValidationError {
        &self.values
    }
}
impl ::renamed_koruma::ValidationError for ScoresKorumaValidationError {
    fn is_empty(&self) -> bool {
        self.values.is_empty()
    }
}
impl Scores {
    #[doc = concat!(
        "Validates all fields of `", "Scores",
        "` and returns an error struct containing all validation failures."
    )]
    pub fn validate(&self) -> Result<(), ScoresKorumaValidationError> {
        let mut error = ScoresKorumaValidationError {
            values: ScoresValuesKorumaValidationError {
                element_errors: Vec::new(),
            },
        };
        let mut has_error = false;
        for (idx, __item_value) in self.values.iter().enumerate() {
            let mut element_error = ScoresValuesElementKorumaValidationError {
                range_validation: None,
            };
            let mut element_has_error = false;
            fn __koruma_assert_validate_values_range_validation_element<
                V: ::renamed_koruma::Validate<T>,
                T,
            >(v: &V, t: &T) -> bool {
                v.validate(t)
            }
            let validator = ::renamed_koruma::BuilderWithValueRef::with_value_ref(
                    RangeValidation::<i32>::min(0).max(100),
                    __item_value,
                )
                .build();
            if !__koruma_assert_validate_values_range_validation_element(
                &validator,
                __item_value,
            ) {
                element_error.range_validation = Some(validator);
                element_has_error = true;
            }
            if element_has_error {
                error.values.element_errors.push((idx, element_error));
                has_error = true;
            }
        }
        if has_error { Err(error) } else { Ok(()) }
    }
}
impl ::renamed_koruma::ValidateExt for Scores {
    type Error = ScoresKorumaValidationError;
    fn validate(&self) -> Result<(), ScoresKorumaValidationError> {
        Self::validate(self)
    }
}
