---
source: crates/koruma-derive/src/tests/snapshot_tests.rs
expression: pretty_print(expanded)
---
#[doc = concat!(
    "Validators for the `", "age", "` field of [`", "Item", "`]: [`",
    "NumberRangeValidation", "`]."
)]
#[derive(Clone, Copy, Debug)]
#[allow(dead_code)]
pub enum ItemAgeKorumaValidatorRef<'koruma> {
    NumberRangeValidation(&'koruma NumberRangeValidation),
}
#[doc = concat!(
    "Validation errors for the `", "age", "` field of [`", "Item",
    "`].\n\nValidators: [`", "NumberRangeValidation", "`]."
)]
#[derive(Debug, Default)]
pub struct ItemAgeKorumaValidationError {
    number_range_validation: Option<NumberRangeValidation>,
}
impl ItemAgeKorumaValidationError {
    #[doc = concat!(
        "Returns the failed [`", "NumberRangeValidation", "`] validator, if any."
    )]
    pub fn number_range_validation(&self) -> Option<&NumberRangeValidation> {
        self.number_range_validation.as_ref()
    }
    #[doc = concat!("Returns all failed validators for `", "age", "`.")]
    pub fn all(&self) -> impl Iterator<Item = ItemAgeKorumaValidatorRef<'_>> + '_ {
        [
            self
                .number_range_validation
                .as_ref()
                .map(ItemAgeKorumaValidatorRef::NumberRangeValidation),
        ]
            .into_iter()
            .flatten()
    }
    pub fn is_empty(&self) -> bool {
        self.number_range_validation.is_none()
    }
    pub fn has_errors(&self) -> bool {
        !self.is_empty()
    }
}
#[doc = concat!(
    "Validation errors for [`", "Item", "`].\n\nContains per-field error structs for ",
    "field: `age`", "."
)]
#[derive(Debug, Default)]
pub struct ItemKorumaValidationError {
    age: ItemAgeKorumaValidationError,
}
impl ItemKorumaValidationError {
    #[doc = concat!(
        "Returns validation errors for the `", "age", "` field of [`", "Item", "`]."
    )]
    pub fn age(&self) -> &ItemAgeKorumaValidationError {
        &self.age
    }
}
impl ::renamed_koruma::ValidationError for ItemKorumaValidationError {
    fn is_empty(&self) -> bool {
        self.age.is_empty()
    }
}
impl Item {
    #[doc = concat!(
        "Validates all fields of `", "Item",
        "` and returns an error struct containing all validation failures."
    )]
    pub fn validate(&self) -> Result<(), ItemKorumaValidationError> {
        let mut error = ItemKorumaValidationError {
            age: ItemAgeKorumaValidationError {
                number_range_validation: None,
            },
        };
        let mut has_error = false;
        let __field_value = &self.age;
        let validator = ::renamed_koruma::BuilderWithValueRef::with_value_ref(
                NumberRangeValidation::min(0).max(100),
                __field_value,
            )
            .build();
        if !validator.validate(__field_value) {
            error.age.number_range_validation = Some(validator);
            has_error = true;
        }
        if has_error { Err(error) } else { Ok(()) }
    }
}
impl ::renamed_koruma::ValidateExt for Item {
    type Error = ItemKorumaValidationError;
    fn validate(&self) -> Result<(), ItemKorumaValidationError> {
        Self::validate(self)
    }
}
