---
source: crates/koruma-derive/src/tests/snapshot_tests.rs
expression: rendered
---
#[doc = concat!(
    "Validators for the `", "value", "` field of [`", "Username", "`]: [`",
    "NonEmptyStringValidation", "`]."
)]
#[derive(Clone, Copy, Debug)]
#[allow(dead_code)]
pub enum UsernameValueKorumaValidatorRef<'koruma> {
    NonEmptyStringValidation(&'koruma NonEmptyStringValidation),
}
#[doc = concat!(
    "Validation errors for the `", "value", "` field of [`", "Username",
    "`].\n\nValidators: [`", "NonEmptyStringValidation", "`]."
)]
#[derive(Debug, Default)]
pub struct UsernameValueKorumaValidationError {
    non_empty_string_validation: Option<NonEmptyStringValidation>,
}
impl UsernameValueKorumaValidationError {
    #[doc = concat!(
        "Returns the failed [`", "NonEmptyStringValidation", "`] validator, if any."
    )]
    pub fn non_empty_string_validation(&self) -> Option<&NonEmptyStringValidation> {
        self.non_empty_string_validation.as_ref()
    }
    #[doc = concat!("Returns all failed validators for `", "value", "`.")]
    pub fn all(&self) -> impl Iterator<Item = UsernameValueKorumaValidatorRef<'_>> + '_ {
        [
            self
                .non_empty_string_validation
                .as_ref()
                .map(UsernameValueKorumaValidatorRef::NonEmptyStringValidation),
        ]
            .into_iter()
            .flatten()
    }
    pub fn is_empty(&self) -> bool {
        self.non_empty_string_validation.is_none()
    }
    pub fn has_errors(&self) -> bool {
        !self.is_empty()
    }
}
#[doc = concat!(
    "Validation errors for [`", "Username",
    "`].\n\nContains per-field error structs for ", "field: `value`", "."
)]
#[derive(Debug, Default)]
pub struct UsernameKorumaValidationError {
    value: UsernameValueKorumaValidationError,
}
impl UsernameKorumaValidationError {
    #[doc = concat!(
        "Returns validation errors for the `", "value", "` field of [`", "Username",
        "`]."
    )]
    pub fn value(&self) -> &UsernameValueKorumaValidationError {
        &self.value
    }
}
impl core::ops::Deref for UsernameKorumaValidationError {
    type Target = UsernameValueKorumaValidationError;
    fn deref(&self) -> &Self::Target {
        &self.value
    }
}
impl ::renamed_koruma::ValidationError for UsernameKorumaValidationError {
    fn is_empty(&self) -> bool {
        self.value.is_empty()
    }
}
impl Username {
    #[doc = concat!(
        "Validates all fields of `", "Username",
        "` and returns an error struct containing all validation failures."
    )]
    pub fn validate(&self) -> Result<(), UsernameKorumaValidationError> {
        let mut error = UsernameKorumaValidationError {
            value: UsernameValueKorumaValidationError {
                non_empty_string_validation: None,
            },
        };
        let mut has_error = false;
        let __field_value = &self.value;
        let validator = ::renamed_koruma::BuilderWithValueRef::with_value_ref(
                NonEmptyStringValidation::__koruma_builder(),
                __field_value,
            )
            .build();
        if !<NonEmptyStringValidation as ::renamed_koruma::Validate<
            String,
        >>::validate(&validator, __field_value) {
            error.value.non_empty_string_validation = Some(validator);
            has_error = true;
        }
        if has_error { Err(error) } else { Ok(()) }
    }
}
impl ::renamed_koruma::ValidateExt for Username {
    type Error = UsernameKorumaValidationError;
    fn validate(&self) -> Result<(), UsernameKorumaValidationError> {
        Self::validate(self)
    }
}
impl ::renamed_koruma::NewtypeValidation for Username {}
impl TryFrom<String> for Username {
    type Error = UsernameKorumaValidationError;
    fn try_from(value: String) -> Result<Self, Self::Error> {
        let instance = Self { value: value };
        instance.validate()?;
        Ok(instance)
    }
}
