---
source: crates/koruma-derive/src/tests/snapshot_tests.rs
expression: pretty_print(expanded)
---
#[doc = concat!(
    "Validators for the `", "score", "` field of [`", "GenericItem", "`]: [`",
    "GenericRangeValidation", "`]."
)]
#[derive(Clone, Copy, Debug)]
#[allow(dead_code)]
pub enum GenericItemScoreKorumaValidatorRef<'koruma> {
    GenericRangeValidation(&'koruma GenericRangeValidation<f64>),
}
#[doc = concat!(
    "Validation errors for the `", "score", "` field of [`", "GenericItem",
    "`].\n\nValidators: [`", "GenericRangeValidation", "`]."
)]
#[derive(Debug, Default)]
pub struct GenericItemScoreKorumaValidationError {
    generic_range_validation: Option<GenericRangeValidation<f64>>,
}
impl GenericItemScoreKorumaValidationError {
    #[doc = concat!(
        "Returns the failed `", "GenericRangeValidation", "` validator, if any."
    )]
    pub fn generic_range_validation(&self) -> Option<&GenericRangeValidation<f64>> {
        self.generic_range_validation.as_ref()
    }
    #[doc = concat!("Returns all failed validators for `", "score", "`.")]
    pub fn all(
        &self,
    ) -> impl Iterator<Item = GenericItemScoreKorumaValidatorRef<'_>> + '_ {
        [
            self
                .generic_range_validation
                .as_ref()
                .map(GenericItemScoreKorumaValidatorRef::GenericRangeValidation),
        ]
            .into_iter()
            .flatten()
    }
    pub fn is_empty(&self) -> bool {
        self.generic_range_validation.is_none()
    }
    pub fn has_errors(&self) -> bool {
        !self.is_empty()
    }
}
#[doc = concat!(
    "Validation errors for [`", "GenericItem",
    "`].\n\nContains per-field error structs for ", "field: `score`", "."
)]
#[derive(Debug, Default)]
pub struct GenericItemKorumaValidationError {
    score: GenericItemScoreKorumaValidationError,
}
impl GenericItemKorumaValidationError {
    #[doc = concat!(
        "Returns validation errors for the `", "score", "` field of [`", "GenericItem",
        "`]."
    )]
    pub fn score(&self) -> &GenericItemScoreKorumaValidationError {
        &self.score
    }
}
impl ::renamed_koruma::ValidationError for GenericItemKorumaValidationError {
    fn is_empty(&self) -> bool {
        self.score.is_empty()
    }
}
impl GenericItem {
    #[doc = concat!(
        "Validates all fields of `", "GenericItem",
        "` and returns an error struct containing all validation failures."
    )]
    pub fn validate(&self) -> Result<(), GenericItemKorumaValidationError> {
        let mut error = GenericItemKorumaValidationError {
            score: GenericItemScoreKorumaValidationError {
                generic_range_validation: None,
            },
        };
        let mut has_error = false;
        let __field_value = &self.score;
        let validator = ::renamed_koruma::CaptureValueRef::capture_value_ref(
                GenericRangeValidation::<f64>::min(0.0).max(100.0),
                __field_value,
            )
            .build();
        if !<GenericRangeValidation<
            f64,
        > as ::renamed_koruma::Validate<f64>>::validate(&validator, __field_value) {
            error.score.generic_range_validation = Some(validator);
            has_error = true;
        }
        if has_error { Err(error) } else { Ok(()) }
    }
}
impl ::renamed_koruma::ValidateExt for GenericItem {
    type Error = GenericItemKorumaValidationError;
    fn validate(&self) -> Result<(), GenericItemKorumaValidationError> {
        Self::validate(self)
    }
}
