---
source: crates/koruma-derive/src/tests/snapshot_tests.rs
expression: pretty_print(expanded)
---
#[doc = concat!(
    "Validators for the `", "age", "` field of [`", "Item", "`]: [`",
    "NumberRangeValidation", "`]."
)]
#[derive(Clone, Copy, Debug)]
#[allow(dead_code)]
pub enum ItemAgeKorumaValidatorRef<'koruma> {
    NumberRangeValidation(&'koruma NumberRangeValidation),
}
#[doc = concat!(
    "Validation errors for the `", "age", "` field of [`", "Item",
    "`].\n\nValidators: [`", "NumberRangeValidation", "`]."
)]
#[derive(Debug, Default)]
pub struct ItemAgeKorumaValidationError {
    number_range_validation: Option<NumberRangeValidation>,
}
impl ItemAgeKorumaValidationError {
    #[doc = concat!(
        "Returns the failed `", "NumberRangeValidation", "` validator, if any."
    )]
    pub fn number_range_validation(&self) -> Option<&NumberRangeValidation> {
        self.number_range_validation.as_ref()
    }
    #[doc = concat!("Returns all failed validators for `", "age", "`.")]
    pub fn all(&self) -> impl Iterator<Item = ItemAgeKorumaValidatorRef<'_>> + '_ {
        [
            self
                .number_range_validation
                .as_ref()
                .map(ItemAgeKorumaValidatorRef::NumberRangeValidation),
        ]
            .into_iter()
            .flatten()
    }
    pub fn is_empty(&self) -> bool {
        self.number_range_validation.is_none()
    }
    pub fn has_errors(&self) -> bool {
        !self.is_empty()
    }
}
#[doc = concat!(
    "Validators for the `", "name", "` field of [`", "Item", "`]: [`",
    "StringLengthValidation", "`]."
)]
#[derive(Clone, Copy, Debug)]
#[allow(dead_code)]
pub enum ItemNameKorumaValidatorRef<'koruma> {
    StringLengthValidation(&'koruma StringLengthValidation),
}
#[doc = concat!(
    "Validation errors for the `", "name", "` field of [`", "Item",
    "`].\n\nValidators: [`", "StringLengthValidation", "`]."
)]
#[derive(Debug, Default)]
pub struct ItemNameKorumaValidationError {
    string_length_validation: Option<StringLengthValidation>,
}
impl ItemNameKorumaValidationError {
    #[doc = concat!(
        "Returns the failed `", "StringLengthValidation", "` validator, if any."
    )]
    pub fn string_length_validation(&self) -> Option<&StringLengthValidation> {
        self.string_length_validation.as_ref()
    }
    #[doc = concat!("Returns all failed validators for `", "name", "`.")]
    pub fn all(&self) -> impl Iterator<Item = ItemNameKorumaValidatorRef<'_>> + '_ {
        [
            self
                .string_length_validation
                .as_ref()
                .map(ItemNameKorumaValidatorRef::StringLengthValidation),
        ]
            .into_iter()
            .flatten()
    }
    pub fn is_empty(&self) -> bool {
        self.string_length_validation.is_none()
    }
    pub fn has_errors(&self) -> bool {
        !self.is_empty()
    }
}
#[doc = concat!(
    "Validation errors for [`", "Item", "`].\n\nContains per-field error structs for ",
    "fields: `age`, `name`", "."
)]
#[derive(Debug, Default)]
pub struct ItemKorumaValidationError {
    age: ItemAgeKorumaValidationError,
    name: ItemNameKorumaValidationError,
}
impl ItemKorumaValidationError {
    #[doc = concat!(
        "Returns validation errors for the `", "age", "` field of [`", "Item", "`]."
    )]
    pub fn age(&self) -> &ItemAgeKorumaValidationError {
        &self.age
    }
    #[doc = concat!(
        "Returns validation errors for the `", "name", "` field of [`", "Item", "`]."
    )]
    pub fn name(&self) -> &ItemNameKorumaValidationError {
        &self.name
    }
}
impl ::renamed_koruma::ValidationError for ItemKorumaValidationError {
    fn is_empty(&self) -> bool {
        self.age.is_empty() && self.name.is_empty()
    }
}
impl Item {
    #[doc = concat!(
        "Validates all fields of `", "Item",
        "` and returns an error struct containing all validation failures."
    )]
    pub fn validate(&self) -> Result<(), ItemKorumaValidationError> {
        let mut error = ItemKorumaValidationError {
            age: ItemAgeKorumaValidationError {
                number_range_validation: None,
            },
            name: ItemNameKorumaValidationError {
                string_length_validation: None,
            },
        };
        let mut has_error = false;
        let __field_value = &self.age;
        let validator = ::renamed_koruma::CaptureValueRef::capture_value_ref(
                NumberRangeValidation::min(0).max(100),
                __field_value,
            )
            .build();
        if !<NumberRangeValidation as ::renamed_koruma::Validate<
            i32,
        >>::validate(&validator, __field_value) {
            error.age.number_range_validation = Some(validator);
            has_error = true;
        }
        let __field_value = &self.name;
        let validator = ::renamed_koruma::CaptureValueRef::capture_value_ref(
                StringLengthValidation::min(1).max(67),
                __field_value,
            )
            .build();
        if !<StringLengthValidation as ::renamed_koruma::Validate<
            String,
        >>::validate(&validator, __field_value) {
            error.name.string_length_validation = Some(validator);
            has_error = true;
        }
        if has_error { Err(error) } else { Ok(()) }
    }
}
impl ::renamed_koruma::ValidateExt for Item {
    type Error = ItemKorumaValidationError;
    fn validate(&self) -> Result<(), ItemKorumaValidationError> {
        Self::validate(self)
    }
}
