---
source: crates/koruma-derive/src/tests/snapshot_tests.rs
assertion_line: 1042
expression: rendered
---
#[doc = concat!(
    "Validators for the `", "_0", "` field of [`", "BoundedWrapper", "`]: [`",
    "GenericRange", "`]."
)]
#[derive(Clone, Copy, Debug)]
#[allow(dead_code)]
pub enum BoundedWrapper0KorumaValidatorRef<'koruma, T: Clone> {
    GenericRange(&'koruma GenericRange<T>),
}
#[doc = concat!(
    "Validation errors for the `", "_0", "` field of [`", "BoundedWrapper",
    "`].\n\nValidators: [`", "GenericRange", "`]."
)]
#[derive(Debug, Default)]
pub struct BoundedWrapper0KorumaValidationError<T: Clone> {
    generic_range: Option<GenericRange<T>>,
}
impl<T: Clone> BoundedWrapper0KorumaValidationError<T> {
    #[doc = concat!("Returns the failed `", "GenericRange", "` validator, if any.")]
    pub fn generic_range(&self) -> Option<&GenericRange<T>> {
        self.generic_range.as_ref()
    }
    #[doc = concat!("Returns all failed validators for `", "_0", "`.")]
    pub fn all(
        &self,
    ) -> impl Iterator<Item = BoundedWrapper0KorumaValidatorRef<'_, T>> + '_ {
        [
            self
                .generic_range
                .as_ref()
                .map(BoundedWrapper0KorumaValidatorRef::GenericRange),
        ]
            .into_iter()
            .flatten()
    }
    pub fn is_empty(&self) -> bool {
        self.generic_range.is_none()
    }
    pub fn has_errors(&self) -> bool {
        !self.is_empty()
    }
}
#[doc = concat!(
    "Validation errors for [`", "BoundedWrapper",
    "`].\n\nContains per-field error structs for ", "field: `_0`", "."
)]
#[derive(Debug, Default)]
pub struct BoundedWrapperKorumaValidationError<T: Clone> {
    _0: BoundedWrapper0KorumaValidationError<T>,
}
impl<T: Clone> BoundedWrapperKorumaValidationError<T> {
    #[doc = concat!(
        "Returns validation errors for the `", "_0", "` field of [`", "BoundedWrapper",
        "`]."
    )]
    pub fn _0(&self) -> &BoundedWrapper0KorumaValidationError<T> {
        &self._0
    }
}
impl<T: Clone> core::ops::Deref for BoundedWrapperKorumaValidationError<T> {
    type Target = BoundedWrapper0KorumaValidationError<T>;
    fn deref(&self) -> &Self::Target {
        &self._0
    }
}
impl<T: Clone> ::renamed_koruma::ValidationError
for BoundedWrapperKorumaValidationError<T> {
    fn is_empty(&self) -> bool {
        self._0.is_empty()
    }
}
impl<T: Clone> BoundedWrapper<T> {
    #[doc = concat!(
        "Validates all fields of `", "BoundedWrapper",
        "` and returns an error struct containing all validation failures."
    )]
    pub fn validate(&self) -> Result<(), BoundedWrapperKorumaValidationError<T>> {
        let mut error = BoundedWrapperKorumaValidationError {
            _0: BoundedWrapper0KorumaValidationError {
                generic_range: None,
            },
        };
        let mut has_error = false;
        let __field_value = &self.0;
        let validator = ::renamed_koruma::BuildValidator::build_validator(
            ::renamed_koruma::CaptureValueRef::capture_value_ref(
                GenericRange::<T>::min(0).max(100),
                __field_value,
            ),
        );
        if !<GenericRange<
            T,
        > as ::renamed_koruma::Validate<T>>::validate(&validator, __field_value) {
            error._0.generic_range = Some(validator);
            has_error = true;
        }
        if has_error { Err(error) } else { Ok(()) }
    }
}
impl<T: Clone> ::renamed_koruma::ValidateExt for BoundedWrapper<T> {
    type Error = BoundedWrapperKorumaValidationError<T>;
    fn validate(&self) -> Result<(), BoundedWrapperKorumaValidationError<T>> {
        Self::validate(self)
    }
}
impl<T: Clone> ::renamed_koruma::NewtypeValidation for BoundedWrapper<T> {}
impl<T: Clone> TryFrom<T> for BoundedWrapper<T> {
    type Error = BoundedWrapperKorumaValidationError<T>;
    fn try_from(value: T) -> Result<Self, Self::Error> {
        let instance = Self(value);
        instance.validate()?;
        Ok(instance)
    }
}
