---
source: crates/koruma-derive/src/tests/snapshot_tests.rs
expression: pretty_print(expanded)
---
#[doc = concat!(
    "Element validators for the `", "scores", "` field of [`", "Order", "`]: [`",
    "GenericRangeValidation", "`]."
)]
#[derive(Clone, Copy, Debug)]
#[allow(dead_code)]
pub enum OrderScoresElementKorumaValidatorRef<'koruma> {
    GenericRangeValidation(&'koruma GenericRangeValidation<f64>),
}
#[doc = concat!(
    "Per-element validation errors for the `", "scores", "` field of [`", "Order", "`]."
)]
#[derive(Debug, Default)]
pub struct OrderScoresElementKorumaValidationError {
    generic_range_validation: Option<GenericRangeValidation<f64>>,
}
impl OrderScoresElementKorumaValidationError {
    #[doc = concat!(
        "Returns the failed [`", "GenericRangeValidation", "`] validator, if any."
    )]
    pub fn generic_range_validation(&self) -> Option<&GenericRangeValidation<f64>> {
        self.generic_range_validation.as_ref()
    }
    #[doc = concat!("Returns all failed element validators for `", "scores", "`.")]
    pub fn all(
        &self,
    ) -> impl Iterator<Item = OrderScoresElementKorumaValidatorRef<'_>> + '_ {
        [
            self
                .generic_range_validation
                .as_ref()
                .map(OrderScoresElementKorumaValidatorRef::GenericRangeValidation),
        ]
            .into_iter()
            .flatten()
    }
    pub fn is_empty(&self) -> bool {
        self.generic_range_validation.is_none()
    }
    pub fn has_errors(&self) -> bool {
        !self.is_empty()
    }
}
#[doc = concat!(
    "Validation errors for the `", "scores", "` field of [`", "Order",
    "`] (element validators only)."
)]
#[derive(Debug, Default)]
pub struct OrderScoresKorumaValidationError {
    element_errors: Vec<(usize, OrderScoresElementKorumaValidationError)>,
}
impl OrderScoresKorumaValidationError {
    #[doc = concat!(
        "Returns all element validation errors for `", "scores", "` of [`", "Order",
        "`] with their indices."
    )]
    pub fn element_errors(&self) -> &[(usize, OrderScoresElementKorumaValidationError)] {
        &self.element_errors
    }
    pub fn is_empty(&self) -> bool {
        self.element_errors.is_empty()
    }
    pub fn has_errors(&self) -> bool {
        !self.is_empty()
    }
}
#[doc = concat!(
    "Validation errors for [`", "Order", "`].\n\nContains per-field error structs for ",
    "field: `scores`", "."
)]
#[derive(Debug, Default)]
pub struct OrderKorumaValidationError {
    scores: OrderScoresKorumaValidationError,
}
impl OrderKorumaValidationError {
    #[doc = concat!(
        "Returns validation errors for the `", "scores", "` field of [`", "Order", "`]."
    )]
    pub fn scores(&self) -> &OrderScoresKorumaValidationError {
        &self.scores
    }
}
impl ::renamed_koruma::ValidationError for OrderKorumaValidationError {
    fn is_empty(&self) -> bool {
        self.scores.is_empty()
    }
}
impl Order {
    #[doc = concat!(
        "Validates all fields of `", "Order",
        "` and returns an error struct containing all validation failures."
    )]
    pub fn validate(&self) -> Result<(), OrderKorumaValidationError> {
        let mut error = OrderKorumaValidationError {
            scores: OrderScoresKorumaValidationError {
                element_errors: Vec::new(),
            },
        };
        let mut has_error = false;
        for (idx, __item_value) in self.scores.iter().enumerate() {
            let mut element_error = OrderScoresElementKorumaValidationError {
                generic_range_validation: None,
            };
            let mut element_has_error = false;
            fn __koruma_assert_validate_scores_generic_range_validation_element<
                V: ::renamed_koruma::Validate<T>,
                T,
            >(v: &V, t: &T) -> bool {
                v.validate(t)
            }
            let validator = ::renamed_koruma::BuilderWithValueRef::with_value_ref(
                    GenericRangeValidation::<f64>::min(0.0).max(100.0),
                    __item_value,
                )
                .build();
            if !__koruma_assert_validate_scores_generic_range_validation_element(
                &validator,
                __item_value,
            ) {
                element_error.generic_range_validation = Some(validator);
                element_has_error = true;
            }
            if element_has_error {
                error.scores.element_errors.push((idx, element_error));
                has_error = true;
            }
        }
        if has_error { Err(error) } else { Ok(()) }
    }
}
impl ::renamed_koruma::ValidateExt for Order {
    type Error = OrderKorumaValidationError;
    fn validate(&self) -> Result<(), OrderKorumaValidationError> {
        Self::validate(self)
    }
}
